// Vitest Snapshot v1, https://vitest.dev/guide/snapshot.html

exports[`BccNpsResult > renders a nps result 1`] = `
"<div class=\\"bcc-nps-result animated\\"><svg class=\\"result-gauge\\" viewBox=\\"0 0 180 180\\" fill=\\"none\\" xmlns=\\"http://www.w3.org/2000/svg\\">
    <path d=\\"M16.2765 141.622C4.14125 124.291 -1.50042 103.239 0.342066 82.1622C2.18456 61.0855 11.3934 41.3317 26.3516 26.3693L54.9935 55.0031C46.7664 63.2324 41.7016 74.097 40.6882 85.6892C39.6748 97.2814 42.7777 108.86 49.4521 118.392L16.2765 141.622Z\\" fill=\\"#FFE3E3\\"></path>
    <path d=\\"M26.3605 26.3604C43.2388 9.48211 66.1307 -2.84641e-07 90.0001 0V40.5C76.8719 40.5 64.2814 45.7152 54.9984 54.9982L26.3605 26.3604Z\\" fill=\\"#FFE9D4\\"></path>
    <path d=\\"M90.0001 0C113.87 2.84641e-07 136.761 9.48211 153.64 26.3604L125.002 54.9982C115.719 45.7152 103.128 40.5 90.0001 40.5V0Z\\" fill=\\"#FEFDE8\\"></path>
    <path d=\\"M153.64 26.3604C170.518 43.2387 180 66.1305 180 90L139.5 90C139.5 76.8718 134.285 64.2813 125.002 54.9982L153.64 26.3604Z\\" fill=\\"#D7FFE7\\"></path>
    <path d=\\"M180 90C180 109.47 173.686 128.415 162.006 143.993L129.603 119.696C136.027 111.128 139.5 100.709 139.5 90L180 90Z\\" fill=\\"#DCEEE4\\"></path>
    <path d=\\"M16.2765 141.622C4.14125 124.291 -1.50042 103.239 0.342066 82.1622C2.18456 61.0855 11.3934 41.3317 26.3516 26.3693L39.0813 39.0954C27.1148 51.0653 19.7477 66.8684 18.2737 83.7298C16.7997 100.591 21.313 117.433 31.0212 131.298L16.2765 141.622Z\\" fill=\\"#F93A4F\\"></path>
    <path d=\\"M26.3605 26.3604C43.2388 9.48211 66.1307 -2.84641e-07 90.0001 0V18C70.9046 18 52.5911 25.5857 39.0885 39.0883L26.3605 26.3604Z\\" fill=\\"#FE7F39\\"></path>
    <path d=\\"M90.0001 0C113.87 2.84641e-07 136.761 9.48211 153.64 26.3604L140.912 39.0883C127.409 25.5857 109.096 18 90.0001 18V0Z\\" fill=\\"#FCDD13\\"></path>
    <path d=\\"M153.64 26.3604C170.518 43.2387 180 66.1305 180 90H162C162 70.9044 154.414 52.5909 140.912 39.0883L153.64 26.3604Z\\" fill=\\"#09DE62\\"></path>
    <path d=\\"M180 90C180 109.47 173.686 128.415 162.006 143.993L147.605 133.194C156.949 120.732 162 105.576 162 90H180Z\\" fill=\\"#01B84E\\"></path>
    <path d=\\"M128.292 49.4565L92.4146 83.7227C91.5428 83.4108 90.5855 83.2892 89.604 83.4082C86.2246 83.8177 83.816 86.8941 84.226 90.2772C84.636 93.6603 87.7097 96.0722 91.089 95.6627C94.4684 95.2532 96.877 92.1769 96.4671 88.7937C96.4262 88.4568 96.3578 88.1298 96.2663 87.8144L130.221 51.3721C131.359 50.0885 129.568 48.3071 128.292 49.4565Z\\" fill=\\"black\\" class=\\"result-gauge-dial\\" style=\\"transform: rotate(-170deg);\\"></path>
  </svg>
  <div class=\\"bcc-nps-result-labels md\\">
    <h3 class=\\"bcc-nps-result-labels--heading\\">20</h3><label class=\\"bcc-nps-result-labels--label\\"></label>
  </div>
</div>"
`;
