// Vitest Snapshot v1, https://vitest.dev/guide/snapshot.html

exports[`BccTable > can render a custom table cell 1`] = `
"<div class=\\"bcc-table-wrapper\\">
  <table class=\\"bcc-table\\">
    <thead>
      <tr class=\\"bcc-table-header-row\\">
        <th class=\\"bcc-table-header bcc-table-header-sortable\\">
          <div class=\\"bcc-table-header-content\\">Year group <button aria-label=\\"Sort column\\" class=\\"bcc-table-header-sort\\"><svg xmlns=\\"http://www.w3.org/2000/svg\\" aria-hidden=\\"true\\" viewBox=\\"0 96 960 960\\" fill=\\"currentColor\\" class=\\"bcc-table-header-sort-icon bcc-table-header-sort-icon-undetermined\\">
                <path d=\\"M571.935 855.217V579.261q0-14.674 9.695-24.489 9.696-9.815 24.37-9.815 14.674 0 24.37 9.815 9.695 9.815 9.695 24.489v276.956l95.065-93.826q9.196-9.434 22.99-9.315 13.793.12 23.989 10.315 9.956 10.196 9.956 23.87 0 13.674-10.195 23.87l-151 151q-5.479 5.478-11.696 7.837-6.217 2.358-12.174 2.358-6.717 0-13.054-2.358-6.337-2.359-10.816-7.837l-152-153q-9.195-9.435-9.195-22.99 0-13.554 10.195-23.75 9.196-10.195 23.37-9.695 14.174.5 24.37 10.695l92.065 91.826Zm-254-560.673-93.065 93.065q-9.196 9.195-22.87 9.195-13.674 0-23.87-10.195-10.195-9.957-10.195-23.75 0-13.794 10.195-23.99l151-151q5.479-5.478 11.316-7.837 5.837-2.358 12.554-2.358 6.717 0 12.554 2.358 5.837 2.359 11.316 7.837l152 152q9.195 9.196 9.195 22.99 0 13.793-10.195 23.75-10.196 10.195-23.87 10.195-13.674 0-23.87-10.195l-94.065-93.065v277.195q0 14.674-9.695 24.37-9.696 9.695-24.37 9.695-14.674 0-24.37-9.695-9.695-9.696-9.695-24.37V294.544Z\\"></path>
              </svg>
              <!--v-if-->
              <!--v-if-->
            </button></div>
        </th>
        <th class=\\"bcc-table-header bcc-table-header-sortable\\">
          <div class=\\"bcc-table-header-content\\">Name <button aria-label=\\"Sort column\\" class=\\"bcc-table-header-sort\\"><svg xmlns=\\"http://www.w3.org/2000/svg\\" aria-hidden=\\"true\\" viewBox=\\"0 96 960 960\\" fill=\\"currentColor\\" class=\\"bcc-table-header-sort-icon bcc-table-header-sort-icon-undetermined\\">
                <path d=\\"M571.935 855.217V579.261q0-14.674 9.695-24.489 9.696-9.815 24.37-9.815 14.674 0 24.37 9.815 9.695 9.815 9.695 24.489v276.956l95.065-93.826q9.196-9.434 22.99-9.315 13.793.12 23.989 10.315 9.956 10.196 9.956 23.87 0 13.674-10.195 23.87l-151 151q-5.479 5.478-11.696 7.837-6.217 2.358-12.174 2.358-6.717 0-13.054-2.358-6.337-2.359-10.816-7.837l-152-153q-9.195-9.435-9.195-22.99 0-13.554 10.195-23.75 9.196-10.195 23.37-9.695 14.174.5 24.37 10.695l92.065 91.826Zm-254-560.673-93.065 93.065q-9.196 9.195-22.87 9.195-13.674 0-23.87-10.195-10.195-9.957-10.195-23.75 0-13.794 10.195-23.99l151-151q5.479-5.478 11.316-7.837 5.837-2.358 12.554-2.358 6.717 0 12.554 2.358 5.837 2.359 11.316 7.837l152 152q9.195 9.196 9.195 22.99 0 13.793-10.195 23.75-10.196 10.195-23.87 10.195-13.674 0-23.87-10.195l-94.065-93.065v277.195q0 14.674-9.695 24.37-9.696 9.695-24.37 9.695-14.674 0-24.37-9.695-9.695-9.696-9.695-24.37V294.544Z\\"></path>
              </svg>
              <!--v-if-->
              <!--v-if-->
            </button></div>
        </th>
        <th class=\\"bcc-table-header bcc-table-header-sortable\\">
          <div class=\\"bcc-table-header-content\\">Progress <button aria-label=\\"Sort column\\" class=\\"bcc-table-header-sort\\"><svg xmlns=\\"http://www.w3.org/2000/svg\\" aria-hidden=\\"true\\" viewBox=\\"0 96 960 960\\" fill=\\"currentColor\\" class=\\"bcc-table-header-sort-icon bcc-table-header-sort-icon-undetermined\\">
                <path d=\\"M571.935 855.217V579.261q0-14.674 9.695-24.489 9.696-9.815 24.37-9.815 14.674 0 24.37 9.815 9.695 9.815 9.695 24.489v276.956l95.065-93.826q9.196-9.434 22.99-9.315 13.793.12 23.989 10.315 9.956 10.196 9.956 23.87 0 13.674-10.195 23.87l-151 151q-5.479 5.478-11.696 7.837-6.217 2.358-12.174 2.358-6.717 0-13.054-2.358-6.337-2.359-10.816-7.837l-152-153q-9.195-9.435-9.195-22.99 0-13.554 10.195-23.75 9.196-10.195 23.37-9.695 14.174.5 24.37 10.695l92.065 91.826Zm-254-560.673-93.065 93.065q-9.196 9.195-22.87 9.195-13.674 0-23.87-10.195-10.195-9.957-10.195-23.75 0-13.794 10.195-23.99l151-151q5.479-5.478 11.316-7.837 5.837-2.358 12.554-2.358 6.717 0 12.554 2.358 5.837 2.359 11.316 7.837l152 152q9.195 9.196 9.195 22.99 0 13.793-10.195 23.75-10.196 10.195-23.87 10.195-13.674 0-23.87-10.195l-94.065-93.065v277.195q0 14.674-9.695 24.37-9.696 9.695-24.37 9.695-14.674 0-24.37-9.695-9.695-9.696-9.695-24.37V294.544Z\\"></path>
              </svg>
              <!--v-if-->
              <!--v-if-->
            </button></div>
        </th>
      </tr>
    </thead>
    <tbody>
      <tr>
        <td class=\\"bcc-table-cell\\"><span>22/23</span></td>
        <td class=\\"bcc-table-cell\\">Custom name content</td>
        <td class=\\"bcc-table-cell\\"><span>25</span></td>
        <td></td>
      </tr>
      <tr>
        <td class=\\"bcc-table-cell\\"><span>23/24</span></td>
        <td class=\\"bcc-table-cell\\">Custom name content</td>
        <td class=\\"bcc-table-cell\\"><span>42</span></td>
        <td></td>
      </tr>
    </tbody>
  </table>
</div>"
`;

exports[`BccTable > renders data in a table 1`] = `
"<div class=\\"bcc-table-wrapper\\">
  <table class=\\"bcc-table\\">
    <thead>
      <tr class=\\"bcc-table-header-row\\">
        <th class=\\"bcc-table-header bcc-table-header-sortable\\">
          <div class=\\"bcc-table-header-content\\">Year group <button aria-label=\\"Sort column\\" class=\\"bcc-table-header-sort\\"><svg xmlns=\\"http://www.w3.org/2000/svg\\" aria-hidden=\\"true\\" viewBox=\\"0 96 960 960\\" fill=\\"currentColor\\" class=\\"bcc-table-header-sort-icon bcc-table-header-sort-icon-undetermined\\">
                <path d=\\"M571.935 855.217V579.261q0-14.674 9.695-24.489 9.696-9.815 24.37-9.815 14.674 0 24.37 9.815 9.695 9.815 9.695 24.489v276.956l95.065-93.826q9.196-9.434 22.99-9.315 13.793.12 23.989 10.315 9.956 10.196 9.956 23.87 0 13.674-10.195 23.87l-151 151q-5.479 5.478-11.696 7.837-6.217 2.358-12.174 2.358-6.717 0-13.054-2.358-6.337-2.359-10.816-7.837l-152-153q-9.195-9.435-9.195-22.99 0-13.554 10.195-23.75 9.196-10.195 23.37-9.695 14.174.5 24.37 10.695l92.065 91.826Zm-254-560.673-93.065 93.065q-9.196 9.195-22.87 9.195-13.674 0-23.87-10.195-10.195-9.957-10.195-23.75 0-13.794 10.195-23.99l151-151q5.479-5.478 11.316-7.837 5.837-2.358 12.554-2.358 6.717 0 12.554 2.358 5.837 2.359 11.316 7.837l152 152q9.195 9.196 9.195 22.99 0 13.793-10.195 23.75-10.196 10.195-23.87 10.195-13.674 0-23.87-10.195l-94.065-93.065v277.195q0 14.674-9.695 24.37-9.696 9.695-24.37 9.695-14.674 0-24.37-9.695-9.695-9.696-9.695-24.37V294.544Z\\"></path>
              </svg>
              <!--v-if-->
              <!--v-if-->
            </button></div>
        </th>
        <th class=\\"bcc-table-header bcc-table-header-sortable\\">
          <div class=\\"bcc-table-header-content\\">Name <button aria-label=\\"Sort column\\" class=\\"bcc-table-header-sort\\"><svg xmlns=\\"http://www.w3.org/2000/svg\\" aria-hidden=\\"true\\" viewBox=\\"0 96 960 960\\" fill=\\"currentColor\\" class=\\"bcc-table-header-sort-icon bcc-table-header-sort-icon-undetermined\\">
                <path d=\\"M571.935 855.217V579.261q0-14.674 9.695-24.489 9.696-9.815 24.37-9.815 14.674 0 24.37 9.815 9.695 9.815 9.695 24.489v276.956l95.065-93.826q9.196-9.434 22.99-9.315 13.793.12 23.989 10.315 9.956 10.196 9.956 23.87 0 13.674-10.195 23.87l-151 151q-5.479 5.478-11.696 7.837-6.217 2.358-12.174 2.358-6.717 0-13.054-2.358-6.337-2.359-10.816-7.837l-152-153q-9.195-9.435-9.195-22.99 0-13.554 10.195-23.75 9.196-10.195 23.37-9.695 14.174.5 24.37 10.695l92.065 91.826Zm-254-560.673-93.065 93.065q-9.196 9.195-22.87 9.195-13.674 0-23.87-10.195-10.195-9.957-10.195-23.75 0-13.794 10.195-23.99l151-151q5.479-5.478 11.316-7.837 5.837-2.358 12.554-2.358 6.717 0 12.554 2.358 5.837 2.359 11.316 7.837l152 152q9.195 9.196 9.195 22.99 0 13.793-10.195 23.75-10.196 10.195-23.87 10.195-13.674 0-23.87-10.195l-94.065-93.065v277.195q0 14.674-9.695 24.37-9.696 9.695-24.37 9.695-14.674 0-24.37-9.695-9.695-9.696-9.695-24.37V294.544Z\\"></path>
              </svg>
              <!--v-if-->
              <!--v-if-->
            </button></div>
        </th>
        <th class=\\"bcc-table-header bcc-table-header-sortable\\">
          <div class=\\"bcc-table-header-content\\">Progress <button aria-label=\\"Sort column\\" class=\\"bcc-table-header-sort\\"><svg xmlns=\\"http://www.w3.org/2000/svg\\" aria-hidden=\\"true\\" viewBox=\\"0 96 960 960\\" fill=\\"currentColor\\" class=\\"bcc-table-header-sort-icon bcc-table-header-sort-icon-undetermined\\">
                <path d=\\"M571.935 855.217V579.261q0-14.674 9.695-24.489 9.696-9.815 24.37-9.815 14.674 0 24.37 9.815 9.695 9.815 9.695 24.489v276.956l95.065-93.826q9.196-9.434 22.99-9.315 13.793.12 23.989 10.315 9.956 10.196 9.956 23.87 0 13.674-10.195 23.87l-151 151q-5.479 5.478-11.696 7.837-6.217 2.358-12.174 2.358-6.717 0-13.054-2.358-6.337-2.359-10.816-7.837l-152-153q-9.195-9.435-9.195-22.99 0-13.554 10.195-23.75 9.196-10.195 23.37-9.695 14.174.5 24.37 10.695l92.065 91.826Zm-254-560.673-93.065 93.065q-9.196 9.195-22.87 9.195-13.674 0-23.87-10.195-10.195-9.957-10.195-23.75 0-13.794 10.195-23.99l151-151q5.479-5.478 11.316-7.837 5.837-2.358 12.554-2.358 6.717 0 12.554 2.358 5.837 2.359 11.316 7.837l152 152q9.195 9.196 9.195 22.99 0 13.793-10.195 23.75-10.196 10.195-23.87 10.195-13.674 0-23.87-10.195l-94.065-93.065v277.195q0 14.674-9.695 24.37-9.696 9.695-24.37 9.695-14.674 0-24.37-9.695-9.695-9.696-9.695-24.37V294.544Z\\"></path>
              </svg>
              <!--v-if-->
              <!--v-if-->
            </button></div>
        </th>
      </tr>
    </thead>
    <tbody>
      <tr>
        <td class=\\"bcc-table-cell\\"><span>22/23</span></td>
        <td class=\\"bcc-table-cell\\"><span>Ada Lovelace</span></td>
        <td class=\\"bcc-table-cell\\"><span>25</span></td>
        <td></td>
      </tr>
      <tr>
        <td class=\\"bcc-table-cell\\"><span>23/24</span></td>
        <td class=\\"bcc-table-cell\\"><span>Firmus Piett</span></td>
        <td class=\\"bcc-table-cell\\"><span>42</span></td>
        <td></td>
      </tr>
    </tbody>
  </table>
</div>"
`;
