// Vitest Snapshot v1, https://vitest.dev/guide/snapshot.html

exports[`BccTabs > renders three tabs 1`] = `
"<button aria-hidden=\\"true\\" style=\\"position: fixed; height: 0px; padding: 0px; overflow: hidden; clip: rect(0px, 0px, 0px, 0px); white-space: nowrap; border-width: 0px;\\" type=\\"button\\"></button>
<div class=\\"bcc-tabs\\">
  <div role=\\"tablist\\" aria-orientation=\\"horizontal\\" class=\\"bcc-tabs-bar bcc-tabs-bar--3\\">
    <div class=\\"bcc-tabs-bar-item bcc-tabs-bar-item--active text-label-base\\" id=\\"headlessui-tabs-tab-1\\" role=\\"tab\\" aria-selected=\\"true\\" tabindex=\\"0\\"><svg xmlns=\\"http://www.w3.org/2000/svg\\" aria-hidden=\\"true\\" viewBox=\\"0 96 960 960\\" fill=\\"currentColor\\" class=\\"bcc-tabs-bar-icon\\">
        <path d=\\"M480.033 981.978q-83.468 0-157.541-31.878-74.073-31.879-129.393-87.199-55.32-55.32-87.199-129.36-31.878-74.04-31.878-157.508 0-84.468 31.878-158.541 31.879-74.073 87.161-128.906 55.283-54.832 129.341-86.818 74.057-31.986 157.545-31.986 84.488 0 158.589 31.968 74.102 31.967 128.916 86.768 54.815 54.801 86.79 128.883Q886.218 491.484 886.218 576q0 83.501-31.986 157.57-31.986 74.069-86.818 129.36-54.833 55.291-128.873 87.17-74.04 31.878-158.508 31.878Zm-.033-68.13q141.043 0 239.446-98.752Q817.848 716.344 817.848 576q0-141.043-98.402-239.446-98.403-98.402-239.566-98.402-140.163 0-238.945 98.402-98.783 98.403-98.783 239.566 0 140.163 98.752 238.945Q339.656 913.848 480 913.848ZM480 576Z\\"></path>
      </svg> With icon
      <!--v-if-->
      <!--v-if-->
    </div>
    <div class=\\"bcc-tabs-bar-item text-label-base\\" id=\\"headlessui-tabs-tab-2\\" role=\\"tab\\" aria-selected=\\"false\\" tabindex=\\"-1\\">
      <!--v-if--> Using Component <div class=\\"bcc-pin bcc-pin-text\\"><span>5</span></div>
      <!--v-if-->
    </div>
    <div class=\\"bcc-tabs-bar-item bcc-tabs-bar-item--disabled text-label-base\\" disabled=\\"true\\" id=\\"headlessui-tabs-tab-3\\" role=\\"tab\\" aria-selected=\\"false\\" tabindex=\\"-1\\">
      <!--v-if--> Disabled badge
      <!--v-if-->
      <div class=\\"bcc-badge bcc-badge-info\\" text=\\"new\\">
        <!--v-if--><span class=\\"order-2\\">new</span>
      </div>
    </div>
  </div>
  <div>
    <div id=\\"headlessui-tabs-panel-4\\" role=\\"tabpanel\\" tabindex=\\"0\\" data-headlessui-state=\\"selected\\">
      <!--v-if-->
    </div><span style=\\"position: fixed; height: 0px; padding: 0px; overflow: hidden; clip: rect(0px, 0px, 0px, 0px); white-space: nowrap; border-width: 0px;\\" id=\\"headlessui-tabs-panel-5\\" role=\\"tabpanel\\" tabindex=\\"-1\\"></span><span style=\\"position: fixed; height: 0px; padding: 0px; overflow: hidden; clip: rect(0px, 0px, 0px, 0px); white-space: nowrap; border-width: 0px;\\" id=\\"headlessui-tabs-panel-6\\" role=\\"tabpanel\\" tabindex=\\"-1\\"></span>
  </div>
</div>"
`;
