// Vitest Snapshot v1, https://vitest.dev/guide/snapshot.html

exports[`BccBanner > renders an banner 1`] = `
"<transition-stub name=\\"bcc-close\\" appear=\\"false\\" persisted=\\"false\\" css=\\"true\\">
  <div class=\\"bcc-banner\\">
    <div class=\\"bcc-banner-header\\">
      <!--v-if-->
      <h5 class=\\"bcc-banner-title\\">Banner title</h5><button aria-label=\\"Close banner\\" class=\\"bcc-banner-close-button\\"><svg aria-hidden=\\"true\\" viewBox=\\"0 -960 960 960\\" fill=\\"currentColor\\" class=\\"bcc-banner-close-icon\\">
          <path d=\\"M480-416.348 287.826-224.174Q275.152-211.5 256-211.5t-31.826-12.674Q211.5-236.848 211.5-256t12.674-31.826L416.348-480 224.174-672.174Q211.5-684.848 211.5-704t12.674-31.826Q236.848-748.5 256-748.5t31.826 12.674L480-543.652l192.174-192.174Q684.848-748.5 704-748.5t31.826 12.674Q748.5-723.152 748.5-704t-12.674 31.826L543.652-480l192.174 192.174Q748.5-275.152 748.5-256t-12.674 31.826Q723.152-211.5 704-211.5t-31.826-12.674L480-416.348Z\\"></path>
        </svg></button>
    </div>
    <div class=\\"bcc-banner-default\\">Banner content<div class=\\"bcc-banner-actions\\"><button class=\\"bcc-button bcc-button-sm bcc-button-secondary bcc-button-center\\">
          <!--v-if--><span class=\\"order-1\\">OK</span>
        </button></div>
    </div>
  </div>
</transition-stub>"
`;
