// Vitest Snapshot v1, https://vitest.dev/guide/snapshot.html

exports[`BccStatusIndicator > renders a custom icon 1`] = `
"<div class=\\"bcc-status-indicator bcc-status-indicator-success\\"><svg aria-hidden=\\"true\\" viewBox=\\"0 -960 960 960\\" fill=\\"currentColor\\" class=\\"bcc-status-indicator-icon\\">
    <path d=\\"M378.087-314.5q-111.152 0-188.326-77.174Q112.587-468.848 112.587-580q0-111.152 77.174-188.326Q266.935-845.5 378.087-845.5q111.152 0 188.326 77.174Q643.587-691.152 643.587-580q0 44.478-13.522 83.12-13.521 38.641-36.565 68.163l222.087 222.326q12.674 12.913 12.674 31.945 0 19.033-12.913 31.707-12.674 12.674-31.826 12.674t-31.826-12.674L529.848-364.587q-29.761 23.044-68.642 36.565-38.88 13.522-83.119 13.522Zm0-91q72.848 0 123.674-50.826Q552.587-507.152 552.587-580q0-72.848-50.826-123.674Q450.935-754.5 378.087-754.5q-72.848 0-123.674 50.826Q203.587-652.848 203.587-580q0 72.848 50.826 123.674Q305.239-405.5 378.087-405.5Z\\"></path>
  </svg></div>"
`;

exports[`BccStatusIndicator > renders a default icon 1`] = `
"<div class=\\"bcc-status-indicator bcc-status-indicator-success\\"><svg aria-hidden=\\"true\\" viewBox=\\"0 -960 960 960\\" fill=\\"currentColor\\" class=\\"bcc-status-indicator-icon\\">
    <path d=\\"m382-362.131 334.696-334.695Q730.37-710.5 749.141-710.5q18.772 0 32.446 13.674t13.674 32.446q0 18.771-13.674 32.445L414.065-264.413Q400.391-250.739 382-250.739t-32.065-13.674L178.413-435.935q-13.674-13.674-13.294-32.445.381-18.772 14.055-32.446T211.62-514.5q18.771 0 32.445 13.674L382-362.131Z\\"></path>
  </svg></div>"
`;
