// Vitest Snapshot v1, https://vitest.dev/guide/snapshot.html

exports[`BccNPS > renders a nps score 1`] = `
"<div class=\\"bcc-nps\\">
  <div class=\\"bcc-nps--heading\\">
    <p class=\\"bcc-nps--label\\">Not likely</p>
    <p class=\\"bcc-nps--label text-right\\">Very likely</p>
  </div>
  <div class=\\"bcc-nps--scores\\">
    <div class=\\"bcc-nps--score bg-white\\">1</div>
    <div class=\\"bcc-nps--score bg-white\\">2</div>
    <div class=\\"bcc-nps--score bg-white\\">3</div>
    <div class=\\"bcc-nps--score bg-white\\">4</div>
    <div class=\\"bcc-nps--score bg-white\\">5</div>
    <div class=\\"bcc-nps--score bg-white\\">6</div>
    <div class=\\"bcc-nps--score bg-white\\">7</div>
    <div class=\\"bcc-nps--score bg-white\\">8</div>
    <div class=\\"bcc-nps--score bg-white\\">9</div>
    <div class=\\"bcc-nps--score bg-white\\">10</div>
  </div>
</div>"
`;
