// Vitest Snapshot v1, https://vitest.dev/guide/snapshot.html

exports[`BccToggle > renders a label 1`] = `"<label class=\\"bcc-toggle\\"><input type=\\"checkbox\\" class=\\"bcc-toggle-input\\"><span class=\\"bcc-toggle-circle\\" aria-hidden=\\"true\\"><svg xmlns=\\"http://www.w3.org/2000/svg\\" aria-hidden=\\"true\\" viewBox=\\"0 96 960 960\\" fill=\\"currentColor\\" class=\\"hidden h-3 w-3 [.bcc-toggle-input:checked~.bcc-toggle-circle>&amp;]:block\\"><path d=\\"M378 802.065q-6.717 0-12.554-2.358-5.837-2.359-11.316-7.837l-181-181q-10.195-10.196-10.195-24.87 0-14.674 10.195-24.87 10.196-10.195 23.99-10.195 13.793 0 24.228 10.195L378 717.782 737.891 358.13q10.196-10.195 24.37-10.315 14.174-.119 24.369 10.315 10.196 10.196 10.196 24.49 0 14.293-10.196 24.489L401.87 791.87q-5.479 5.478-11.316 7.837-5.837 2.358-12.554 2.358Z\\"></path></svg><svg xmlns=\\"http://www.w3.org/2000/svg\\" aria-hidden=\\"true\\" viewBox=\\"0 96 960 960\\" fill=\\"currentColor\\" class=\\"h-3 w-3 [.bcc-toggle-input:checked~.bcc-toggle-circle>&amp;]:hidden\\"><path d=\\"M480 623.739 272.87 830.87q-10.196 10.195-23.87 10.195-13.674 0-23.87-10.195-10.195-10.196-10.195-23.87 0-13.674 10.195-23.87L432.261 576 225.13 368.87q-10.195-10.196-10.195-23.87 0-13.674 10.195-23.87 10.196-10.195 23.87-10.195 13.674 0 23.87 10.195L480 528.261 687.13 321.13q10.196-10.195 23.87-10.195 13.674 0 23.87 10.195 10.195 10.196 10.195 23.87 0 13.674-10.195 23.87L527.739 576 734.87 783.13q10.195 10.196 10.195 23.87 0 13.674-10.195 23.87-10.196 10.195-23.87 10.195-13.674 0-23.87-10.195L480 623.739Z\\"></path></svg></span><span class=\\"bcc-toggle-label\\">Test label</span></label>"`;

exports[`BccToggle > renders a toggle in on or off state 1`] = `
"<label class=\\"bcc-toggle\\"><input type=\\"checkbox\\" class=\\"bcc-toggle-input\\"><span class=\\"bcc-toggle-circle\\" aria-hidden=\\"true\\"><svg xmlns=\\"http://www.w3.org/2000/svg\\" aria-hidden=\\"true\\" viewBox=\\"0 96 960 960\\" fill=\\"currentColor\\" class=\\"hidden h-3 w-3 [.bcc-toggle-input:checked~.bcc-toggle-circle>&amp;]:block\\"><path d=\\"M378 802.065q-6.717 0-12.554-2.358-5.837-2.359-11.316-7.837l-181-181q-10.195-10.196-10.195-24.87 0-14.674 10.195-24.87 10.196-10.195 23.99-10.195 13.793 0 24.228 10.195L378 717.782 737.891 358.13q10.196-10.195 24.37-10.315 14.174-.119 24.369 10.315 10.196 10.196 10.196 24.49 0 14.293-10.196 24.489L401.87 791.87q-5.479 5.478-11.316 7.837-5.837 2.358-12.554 2.358Z\\"></path></svg><svg xmlns=\\"http://www.w3.org/2000/svg\\" aria-hidden=\\"true\\" viewBox=\\"0 96 960 960\\" fill=\\"currentColor\\" class=\\"h-3 w-3 [.bcc-toggle-input:checked~.bcc-toggle-circle>&amp;]:hidden\\"><path d=\\"M480 623.739 272.87 830.87q-10.196 10.195-23.87 10.195-13.674 0-23.87-10.195-10.195-10.196-10.195-23.87 0-13.674 10.195-23.87L432.261 576 225.13 368.87q-10.195-10.196-10.195-23.87 0-13.674 10.195-23.87 10.196-10.195 23.87-10.195 13.674 0 23.87 10.195L480 528.261 687.13 321.13q10.196-10.195 23.87-10.195 13.674 0 23.87 10.195 10.195 10.196 10.195 23.87 0 13.674-10.195 23.87L527.739 576 734.87 783.13q10.195 10.196 10.195 23.87 0 13.674-10.195 23.87-10.196 10.195-23.87 10.195-13.674 0-23.87-10.195L480 623.739Z\\"></path></svg></span>
  <!--v-if-->
</label>"
`;

exports[`BccToggle > renders a toggle in on or off state 2`] = `
"<label class=\\"bcc-toggle\\"><input type=\\"checkbox\\" class=\\"bcc-toggle-input\\"><span class=\\"bcc-toggle-circle\\" aria-hidden=\\"true\\"><svg xmlns=\\"http://www.w3.org/2000/svg\\" aria-hidden=\\"true\\" viewBox=\\"0 96 960 960\\" fill=\\"currentColor\\" class=\\"hidden h-3 w-3 [.bcc-toggle-input:checked~.bcc-toggle-circle>&amp;]:block\\"><path d=\\"M378 802.065q-6.717 0-12.554-2.358-5.837-2.359-11.316-7.837l-181-181q-10.195-10.196-10.195-24.87 0-14.674 10.195-24.87 10.196-10.195 23.99-10.195 13.793 0 24.228 10.195L378 717.782 737.891 358.13q10.196-10.195 24.37-10.315 14.174-.119 24.369 10.315 10.196 10.196 10.196 24.49 0 14.293-10.196 24.489L401.87 791.87q-5.479 5.478-11.316 7.837-5.837 2.358-12.554 2.358Z\\"></path></svg><svg xmlns=\\"http://www.w3.org/2000/svg\\" aria-hidden=\\"true\\" viewBox=\\"0 96 960 960\\" fill=\\"currentColor\\" class=\\"h-3 w-3 [.bcc-toggle-input:checked~.bcc-toggle-circle>&amp;]:hidden\\"><path d=\\"M480 623.739 272.87 830.87q-10.196 10.195-23.87 10.195-13.674 0-23.87-10.195-10.195-10.196-10.195-23.87 0-13.674 10.195-23.87L432.261 576 225.13 368.87q-10.195-10.196-10.195-23.87 0-13.674 10.195-23.87 10.196-10.195 23.87-10.195 13.674 0 23.87 10.195L480 528.261 687.13 321.13q10.196-10.195 23.87-10.195 13.674 0 23.87 10.195 10.195 10.196 10.195 23.87 0 13.674-10.195 23.87L527.739 576 734.87 783.13q10.195 10.196 10.195 23.87 0 13.674-10.195 23.87-10.196 10.195-23.87 10.195-13.674 0-23.87-10.195L480 623.739Z\\"></path></svg></span>
  <!--v-if-->
</label>"
`;
