// Vitest Snapshot v1

exports[`BccModal > renders a modal 1`] = `
"<anonymous-stub as=\\"template\\" show=\\"true\\" unmount=\\"true\\" appear=\\"false\\" enter=\\"\\" enterfrom=\\"\\" enterto=\\"\\" entered=\\"\\" leave=\\"\\" leavefrom=\\"\\" leaveto=\\"\\">
  <dialog-stub as=\\"div\\" static=\\"false\\" unmount=\\"true\\" open=\\"DC8F892D-2EBD-447C-A4C8-A03058436FF4\\" id=\\"headlessui-dialog-1\\" class=\\"fixed inset-0\\">
    <div class=\\"flex h-screen w-screen items-center justify-center overflow-hidden\\">
      <anonymous-stub as=\\"div\\" unmount=\\"true\\" appear=\\"false\\" enter=\\"ease-out duration-300\\" enterfrom=\\"opacity-0\\" enterto=\\"opacity-100\\" entered=\\"\\" leave=\\"ease-in duration-200\\" leavefrom=\\"opacity-100\\" leaveto=\\"opacity-0\\">
        <div class=\\"bcc-modal-overlay\\"></div>
      </anonymous-stub>
      <anonymous-stub as=\\"template\\" unmount=\\"true\\" appear=\\"false\\" enter=\\"ease-out duration-300\\" enterfrom=\\"opacity-0 translate-y-4 sm:translate-y-0 sm:scale-95\\" enterto=\\"opacity-100 translate-y-0 sm:scale-100\\" entered=\\"\\" leave=\\"ease-in duration-200\\" leavefrom=\\"opacity-100 translate-y-0 sm:scale-100\\" leaveto=\\"opacity-0 translate-y-4 sm:translate-y-0 sm:scale-95\\">
        <div class=\\"bcc-modal-wrapper\\">
          <dialog-panel-stub as=\\"div\\" id=\\"headlessui-dialog-panel-2\\" class=\\"bcc-modal\\">
            <div class=\\"bcc-modal-header\\">Header slot</div>
            <div class=\\"bcc-modal-title\\">
              <dialog-title-stub as=\\"h3\\" id=\\"headlessui-dialog-title-3\\">Modal title</dialog-title-stub>
              <!--v-if-->
            </div>
            <div class=\\"bcc-modal-content\\">Modal content</div>
            <div class=\\"bcc-modal-footer\\">
              <div class=\\"bcc-modal-footer-content\\">Footer slot\`</div>
              <div class=\\"bcc-modal-actions\\">
                <div class=\\"bcc-modal-secondary-action\\">Secondary action</div>
                <div class=\\"bcc-modal-primary-action\\">Primary action</div>
              </div>
            </div>
          </dialog-panel-stub>
        </div>
      </anonymous-stub>
    </div>
  </dialog-stub>
</anonymous-stub>"
`;
