// Vitest Snapshot v1, https://vitest.dev/guide/snapshot.html

exports[`BccCookieBanner > renders with an overlay 1`] = `
"<transition-stub name="fade" appear="false" persisted="false" css="true">
  <div class="bcc-cookie-banner-overlay"></div>
</transition-stub>
<transition-stub name="fade-fast" appear="false" persisted="false" css="true">
  <div class="bcc-cookie-banner-wrapper">
    <div class="bcc-cookie-banner">
      <div class="bcc-cookie-banner-content">
        <div class="bcc-cookie-banner-title"><svg aria-hidden="true" viewBox="0 -960 960 960" fill="currentColor" class="bcc-cookie-banner-icon">
            <path d="M480-80q-83 0-156-31.5T197-197q-54-54-85.5-127T80-480q0-81 33.5-157.5t93-134.5Q266-830 348-860t180-18q15 2 23 12.5t9 28.5q2 64 47.5 109.5T716-680q21 1 32 12t12 34q2 42 25.5 69t65.5 41q14 5 21.5 14.5T880-486q2 83-29 157t-85 129.5Q712-144 638-112T480-80Zm0-80q122 0 216.5-84T800-458q-50-22-78.5-60T683-603q-77-11-132-66t-68-132q-80-2-140.5 29t-101 79.5Q201-644 180.5-587T160-480q0 133 93.5 226.5T480-160Zm0-324Zm-60-76q25 0 42.5-17.5T480-620q0-25-17.5-42.5T420-680q-25 0-42.5 17.5T360-620q0 25 17.5 42.5T420-560Zm-80 200q25 0 42.5-17.5T400-420q0-25-17.5-42.5T340-480q-25 0-42.5 17.5T280-420q0 25 17.5 42.5T340-360Zm260 40q17 0 28.5-11.5T640-360q0-17-11.5-28.5T600-400q-17 0-28.5 11.5T560-360q0 17 11.5 28.5T600-320Z"></path>
          </svg>
          <h4></h4>
        </div>
        <p></p>
      </div>
      <div class="bcc-cookie-banner-actions"><button class="bcc-button bcc-button-secondary bcc-cookie-banner-decline-button">Decline
          <!--v-if-->
        </button><button class="bcc-button bcc-button-primary bcc-cookie-banner-accept-button">Accept
          <!--v-if-->
        </button></div>
    </div>
  </div>
</transition-stub>"
`;

exports[`BccCookieBanner > renders without an overlay 1`] = `
"<!--v-if-->
<transition-stub name="fade-fast" appear="false" persisted="false" css="true">
  <div class="bcc-cookie-banner-wrapper">
    <div class="bcc-cookie-banner">
      <div class="bcc-cookie-banner-content">
        <div class="bcc-cookie-banner-title"><svg aria-hidden="true" viewBox="0 -960 960 960" fill="currentColor" class="bcc-cookie-banner-icon">
            <path d="M480-80q-83 0-156-31.5T197-197q-54-54-85.5-127T80-480q0-81 33.5-157.5t93-134.5Q266-830 348-860t180-18q15 2 23 12.5t9 28.5q2 64 47.5 109.5T716-680q21 1 32 12t12 34q2 42 25.5 69t65.5 41q14 5 21.5 14.5T880-486q2 83-29 157t-85 129.5Q712-144 638-112T480-80Zm0-80q122 0 216.5-84T800-458q-50-22-78.5-60T683-603q-77-11-132-66t-68-132q-80-2-140.5 29t-101 79.5Q201-644 180.5-587T160-480q0 133 93.5 226.5T480-160Zm0-324Zm-60-76q25 0 42.5-17.5T480-620q0-25-17.5-42.5T420-680q-25 0-42.5 17.5T360-620q0 25 17.5 42.5T420-560Zm-80 200q25 0 42.5-17.5T400-420q0-25-17.5-42.5T340-480q-25 0-42.5 17.5T280-420q0 25 17.5 42.5T340-360Zm260 40q17 0 28.5-11.5T640-360q0-17-11.5-28.5T600-400q-17 0-28.5 11.5T560-360q0 17 11.5 28.5T600-320Z"></path>
          </svg>
          <h4></h4>
        </div>
        <p></p>
      </div>
      <div class="bcc-cookie-banner-actions"><button class="bcc-button bcc-button-secondary bcc-cookie-banner-decline-button">Decline
          <!--v-if-->
        </button><button class="bcc-button bcc-button-primary bcc-cookie-banner-accept-button">Accept
          <!--v-if-->
        </button></div>
    </div>
  </div>
</transition-stub>"
`;
