// Vitest Snapshot v1, https://vitest.dev/guide/snapshot.html

exports[`BccFormMessage > renders a text from the default slot 1`] = `"<span class=\\"bcc-form-message bcc-form-message-default\\">Test message</span>"`;
