// Vitest Snapshot v1, https://vitest.dev/guide/snapshot.html

exports[`BccPin > renders a pin 1`] = `
"<div class=\\"bcc-pin\\"><svg xmlns=\\"http://www.w3.org/2000/svg\\" aria-hidden=\\"true\\" viewBox=\\"0 96 960 960\\" fill=\\"currentColor\\" class=\\"bcc-pin-icon\\">
    <path d=\\"m420.522 660.782-93.457-93.456q-9.956-9.956-24.391-9.956-14.435 0-25.631 10.956-10.956 11.143-10.956 25.484 0 14.342 10.956 24.299l119.609 119.608q10.196 10.196 23.87 10.196 13.674 0 23.869-10.196l237.37-237.608q9.956-10.076 9.456-24.332-.5-14.255-10.456-24.451-10.143-10.956-24.985-10.956-14.841 0-26.037 10.956L420.522 660.782Zm59.598 321.196q-86.316 0-160.508-30.998-74.193-30.998-128.893-85.699-54.701-54.7-85.699-128.893-30.998-74.192-30.998-160.508 0-85.315 30.941-159.403 30.942-74.088 85.699-128.893 54.757-54.805 128.95-86.303 74.192-31.499 160.508-31.499 85.315 0 159.416 31.468 74.102 31.467 128.916 86.268 54.815 54.801 86.29 128.883Q886.218 490.484 886.218 576q0 86.196-31.499 160.388-31.498 74.193-86.303 128.95-54.805 54.757-128.893 85.699-74.088 30.941-159.403 30.941ZM480 576Zm-.044 337.848q144.087 0 240.99-96.741 96.902-96.741 96.902-241.065 0-144.325-96.859-241.107-96.858-96.783-240.945-96.783t-240.99 96.741q-96.902 96.741-96.902 241.065 0 144.325 96.859 241.107 96.858 96.783 240.945 96.783Z\\"></path>
  </svg></div>"
`;
