// Vitest Snapshot v1

exports[`BccToggle > renders a toggle in on or off state 1`] = `"<button class=\\"relative inline-flex h-6 w-11 shrink-0 cursor-pointer rounded-full border-2 border-transparent transition-colors duration-200 ease-in-out focus:outline-none focus:ring-2 focus:ring-offset-2 bg-gray-200 focus:ring-gray-600\\" id=\\"headlessui-switch-1\\" role=\\"switch\\" type=\\"button\\" tabindex=\\"0\\" aria-checked=\\"false\\" data-headlessui-state=\\"\\"><span class=\\"sr-only\\">Toggle</span><span class=\\"translate-x-0 pointer-events-none relative inline-block h-5 w-5 transform rounded-full bg-white shadow ring-0 transition duration-200 ease-in-out\\"><span class=\\"opacity-100 duration-200 ease-in absolute inset-0 flex h-full w-full items-center justify-center transition-opacity\\" aria-hidden=\\"true\\"><svg xmlns=\\"http://www.w3.org/2000/svg\\" aria-hidden=\\"true\\" viewBox=\\"0 96 960 960\\" fill=\\"currentColor\\" class=\\"h-3 w-3 text-gray-400\\"><path d=\\"M480 623.739 272.87 830.87q-10.196 10.195-23.87 10.195-13.674 0-23.87-10.195-10.195-10.196-10.195-23.87 0-13.674 10.195-23.87L432.261 576 225.13 368.87q-10.195-10.196-10.195-23.87 0-13.674 10.195-23.87 10.196-10.195 23.87-10.195 13.674 0 23.87 10.195L480 528.261 687.13 321.13q10.196-10.195 23.87-10.195 13.674 0 23.87 10.195 10.195 10.196 10.195 23.87 0 13.674-10.195 23.87L527.739 576 734.87 783.13q10.195 10.196 10.195 23.87 0 13.674-10.195 23.87-10.196 10.195-23.87 10.195-13.674 0-23.87-10.195L480 623.739Z\\"></path></svg></span><span class=\\"opacity-0 duration-100 ease-out absolute inset-0 flex h-full w-full items-center justify-center transition-opacity\\" aria-hidden=\\"true\\"><svg xmlns=\\"http://www.w3.org/2000/svg\\" aria-hidden=\\"true\\" viewBox=\\"0 96 960 960\\" fill=\\"currentColor\\" class=\\"h-3 w-3 text-silver-tree-600\\"><path d=\\"M378 802.065q-6.717 0-12.554-2.358-5.837-2.359-11.316-7.837l-181-181q-10.195-10.196-10.195-24.87 0-14.674 10.195-24.87 10.196-10.195 23.99-10.195 13.793 0 24.228 10.195L378 717.782 737.891 358.13q10.196-10.195 24.37-10.315 14.174-.119 24.369 10.315 10.196 10.196 10.196 24.49 0 14.293-10.196 24.489L401.87 791.87q-5.479 5.478-11.316 7.837-5.837 2.358-12.554 2.358Z\\"></path></svg></span></span></button>"`;

exports[`BccToggle > renders a toggle in on or off state 2`] = `"<button class=\\"relative inline-flex h-6 w-11 shrink-0 cursor-pointer rounded-full border-2 border-transparent transition-colors duration-200 ease-in-out focus:outline-none focus:ring-2 focus:ring-offset-2 bg-gray-200 focus:ring-gray-600\\" id=\\"headlessui-switch-1\\" role=\\"switch\\" type=\\"button\\" tabindex=\\"0\\" aria-checked=\\"false\\" data-headlessui-state=\\"\\"><span class=\\"sr-only\\">Toggle</span><span class=\\"translate-x-0 pointer-events-none relative inline-block h-5 w-5 transform rounded-full bg-white shadow ring-0 transition duration-200 ease-in-out\\"><span class=\\"opacity-100 duration-200 ease-in absolute inset-0 flex h-full w-full items-center justify-center transition-opacity\\" aria-hidden=\\"true\\"><svg xmlns=\\"http://www.w3.org/2000/svg\\" aria-hidden=\\"true\\" viewBox=\\"0 96 960 960\\" fill=\\"currentColor\\" class=\\"h-3 w-3 text-gray-400\\"><path d=\\"M480 623.739 272.87 830.87q-10.196 10.195-23.87 10.195-13.674 0-23.87-10.195-10.195-10.196-10.195-23.87 0-13.674 10.195-23.87L432.261 576 225.13 368.87q-10.195-10.196-10.195-23.87 0-13.674 10.195-23.87 10.196-10.195 23.87-10.195 13.674 0 23.87 10.195L480 528.261 687.13 321.13q10.196-10.195 23.87-10.195 13.674 0 23.87 10.195 10.195 10.196 10.195 23.87 0 13.674-10.195 23.87L527.739 576 734.87 783.13q10.195 10.196 10.195 23.87 0 13.674-10.195 23.87-10.196 10.195-23.87 10.195-13.674 0-23.87-10.195L480 623.739Z\\"></path></svg></span><span class=\\"opacity-0 duration-100 ease-out absolute inset-0 flex h-full w-full items-center justify-center transition-opacity\\" aria-hidden=\\"true\\"><svg xmlns=\\"http://www.w3.org/2000/svg\\" aria-hidden=\\"true\\" viewBox=\\"0 96 960 960\\" fill=\\"currentColor\\" class=\\"h-3 w-3 text-silver-tree-600\\"><path d=\\"M378 802.065q-6.717 0-12.554-2.358-5.837-2.359-11.316-7.837l-181-181q-10.195-10.196-10.195-24.87 0-14.674 10.195-24.87 10.196-10.195 23.99-10.195 13.793 0 24.228 10.195L378 717.782 737.891 358.13q10.196-10.195 24.37-10.315 14.174-.119 24.369 10.315 10.196 10.196 10.196 24.49 0 14.293-10.196 24.489L401.87 791.87q-5.479 5.478-11.316 7.837-5.837 2.358-12.554 2.358Z\\"></path></svg></span></span></button>"`;
