// Vitest Snapshot v1

exports[`BccStatusIndicator > renders a custom icon 1`] = `
"<div class=\\"bcc-status-indicator bcc-status-indicator-success\\"><svg xmlns=\\"http://www.w3.org/2000/svg\\" aria-hidden=\\"true\\" viewBox=\\"0 96 960 960\\" fill=\\"currentColor\\" class=\\"bcc-status-indicator-icon\\">
    <path d=\\"M770.891 916.826 531.326 677.5q-29.761 25.264-69.6 39.415-39.84 14.15-85.161 14.15-109.835 0-185.95-76.195Q114.5 578.674 114.5 471t76.196-183.87q76.195-76.195 184.369-76.195t183.87 76.195q75.695 76.196 75.695 184.02 0 43.328-13.641 82.97-13.641 39.641-40.924 74.402L821.63 868.087q10.196 9.877 10.196 23.83 0 13.953-11.109 24.822-10.351 10.522-25.213 10.522t-24.613-10.435ZM375.65 662.935q79.73 0 135.29-56.245Q566.5 550.446 566.5 471t-55.595-135.69q-55.595-56.245-135.255-56.245-80.494 0-136.757 56.245Q182.63 391.554 182.63 471t56.228 135.69q56.227 56.245 136.792 56.245Z\\"></path>
  </svg></div>"
`;

exports[`BccStatusIndicator > renders a default icon 1`] = `
"<div class=\\"bcc-status-indicator bcc-status-indicator-success\\"><svg xmlns=\\"http://www.w3.org/2000/svg\\" aria-hidden=\\"true\\" viewBox=\\"0 96 960 960\\" fill=\\"currentColor\\" class=\\"bcc-status-indicator-icon\\">
    <path d=\\"M378 802.065q-6.717 0-12.554-2.358-5.837-2.359-11.316-7.837l-181-181q-10.195-10.196-10.195-24.87 0-14.674 10.195-24.87 10.196-10.195 23.99-10.195 13.793 0 24.228 10.195L378 717.782 737.891 358.13q10.196-10.195 24.37-10.315 14.174-.119 24.369 10.315 10.196 10.196 10.196 24.49 0 14.293-10.196 24.489L401.87 791.87q-5.479 5.478-11.316 7.837-5.837 2.358-12.554 2.358Z\\"></path>
  </svg></div>"
`;
