// Vitest Snapshot v1, https://vitest.dev/guide/snapshot.html

exports[`BccTable > can render a custom table cell 1`] = `
"<div class=\\"bcc-table-wrapper\\">
  <table class=\\"bcc-table\\">
    <thead>
      <tr class=\\"bcc-table-header-row\\">
        <th class=\\"bcc-table-header bcc-table-header-sortable\\">
          <div class=\\"bcc-table-header-content\\">Year group <button aria-label=\\"Sort column\\" class=\\"bcc-table-header-sort\\"><svg aria-hidden=\\"true\\" viewBox=\\"0 -960 960 960\\" fill=\\"currentColor\\" class=\\"bcc-table-header-sort-icon bcc-table-header-sort-icon-undetermined\\">
                <path d=\\"M359.522-439.522q-19.152 0-32.326-13.174t-13.174-32.326v-229.065l-65.674 65.674q-12.674 12.674-31.326 12.674t-32.326-12.674q-13.674-13.435-13.674-32.207 0-18.771 13.434-32.445l143-143q6.718-6.718 14.914-9.816 8.195-3.097 17.152-3.097 8.956 0 17.152 3.097 8.196 3.098 14.913 9.816l143.761 144q13.435 13.674 13.054 31.945-.38 18.272-14.054 31.707-13.435 12.674-31.826 13.054-18.392.381-31.826-13.054l-65.674-65.674v229.065q0 19.152-13.174 32.326t-32.326 13.174Zm240.956 348.5q-8.956 0-17.152-3.097-8.196-3.098-14.913-9.816l-143.761-144q-13.435-13.674-13.054-31.945.38-18.272 14.054-31.707 13.435-12.674 31.826-13.054 18.392-.381 31.826 13.054l65.674 65.674v-229.065q0-19.152 13.174-32.326t32.326-13.174q19.152 0 32.326 13.174t13.174 32.326v229.065l65.674-65.674q12.674-12.674 31.326-12.674t32.326 12.674q13.674 13.435 13.674 32.207 0 18.771-13.434 32.445l-143 143q-6.718 6.718-14.914 9.816-8.195 3.097-17.152 3.097Z\\"></path>
              </svg>
              <!--v-if-->
              <!--v-if-->
            </button></div>
        </th>
        <th class=\\"bcc-table-header bcc-table-header-sortable\\">
          <div class=\\"bcc-table-header-content\\">Name <button aria-label=\\"Sort column\\" class=\\"bcc-table-header-sort\\"><svg aria-hidden=\\"true\\" viewBox=\\"0 -960 960 960\\" fill=\\"currentColor\\" class=\\"bcc-table-header-sort-icon bcc-table-header-sort-icon-undetermined\\">
                <path d=\\"M359.522-439.522q-19.152 0-32.326-13.174t-13.174-32.326v-229.065l-65.674 65.674q-12.674 12.674-31.326 12.674t-32.326-12.674q-13.674-13.435-13.674-32.207 0-18.771 13.434-32.445l143-143q6.718-6.718 14.914-9.816 8.195-3.097 17.152-3.097 8.956 0 17.152 3.097 8.196 3.098 14.913 9.816l143.761 144q13.435 13.674 13.054 31.945-.38 18.272-14.054 31.707-13.435 12.674-31.826 13.054-18.392.381-31.826-13.054l-65.674-65.674v229.065q0 19.152-13.174 32.326t-32.326 13.174Zm240.956 348.5q-8.956 0-17.152-3.097-8.196-3.098-14.913-9.816l-143.761-144q-13.435-13.674-13.054-31.945.38-18.272 14.054-31.707 13.435-12.674 31.826-13.054 18.392-.381 31.826 13.054l65.674 65.674v-229.065q0-19.152 13.174-32.326t32.326-13.174q19.152 0 32.326 13.174t13.174 32.326v229.065l65.674-65.674q12.674-12.674 31.326-12.674t32.326 12.674q13.674 13.435 13.674 32.207 0 18.771-13.434 32.445l-143 143q-6.718 6.718-14.914 9.816-8.195 3.097-17.152 3.097Z\\"></path>
              </svg>
              <!--v-if-->
              <!--v-if-->
            </button></div>
        </th>
        <th class=\\"bcc-table-header bcc-table-header-sortable\\">
          <div class=\\"bcc-table-header-content\\">Progress <button aria-label=\\"Sort column\\" class=\\"bcc-table-header-sort\\"><svg aria-hidden=\\"true\\" viewBox=\\"0 -960 960 960\\" fill=\\"currentColor\\" class=\\"bcc-table-header-sort-icon bcc-table-header-sort-icon-undetermined\\">
                <path d=\\"M359.522-439.522q-19.152 0-32.326-13.174t-13.174-32.326v-229.065l-65.674 65.674q-12.674 12.674-31.326 12.674t-32.326-12.674q-13.674-13.435-13.674-32.207 0-18.771 13.434-32.445l143-143q6.718-6.718 14.914-9.816 8.195-3.097 17.152-3.097 8.956 0 17.152 3.097 8.196 3.098 14.913 9.816l143.761 144q13.435 13.674 13.054 31.945-.38 18.272-14.054 31.707-13.435 12.674-31.826 13.054-18.392.381-31.826-13.054l-65.674-65.674v229.065q0 19.152-13.174 32.326t-32.326 13.174Zm240.956 348.5q-8.956 0-17.152-3.097-8.196-3.098-14.913-9.816l-143.761-144q-13.435-13.674-13.054-31.945.38-18.272 14.054-31.707 13.435-12.674 31.826-13.054 18.392-.381 31.826 13.054l65.674 65.674v-229.065q0-19.152 13.174-32.326t32.326-13.174q19.152 0 32.326 13.174t13.174 32.326v229.065l65.674-65.674q12.674-12.674 31.326-12.674t32.326 12.674q13.674 13.435 13.674 32.207 0 18.771-13.434 32.445l-143 143q-6.718 6.718-14.914 9.816-8.195 3.097-17.152 3.097Z\\"></path>
              </svg>
              <!--v-if-->
              <!--v-if-->
            </button></div>
        </th>
      </tr>
    </thead>
    <tbody>
      <tr>
        <td class=\\"bcc-table-cell\\"><span>22/23</span></td>
        <td class=\\"bcc-table-cell\\">Custom name content</td>
        <td class=\\"bcc-table-cell\\"><span>25</span></td>
        <td></td>
      </tr>
      <tr>
        <td class=\\"bcc-table-cell\\"><span>23/24</span></td>
        <td class=\\"bcc-table-cell\\">Custom name content</td>
        <td class=\\"bcc-table-cell\\"><span>42</span></td>
        <td></td>
      </tr>
    </tbody>
  </table>
</div>"
`;

exports[`BccTable > renders data in a table 1`] = `
"<div class=\\"bcc-table-wrapper\\">
  <table class=\\"bcc-table\\">
    <thead>
      <tr class=\\"bcc-table-header-row\\">
        <th class=\\"bcc-table-header bcc-table-header-sortable\\">
          <div class=\\"bcc-table-header-content\\">Year group <button aria-label=\\"Sort column\\" class=\\"bcc-table-header-sort\\"><svg aria-hidden=\\"true\\" viewBox=\\"0 -960 960 960\\" fill=\\"currentColor\\" class=\\"bcc-table-header-sort-icon bcc-table-header-sort-icon-undetermined\\">
                <path d=\\"M359.522-439.522q-19.152 0-32.326-13.174t-13.174-32.326v-229.065l-65.674 65.674q-12.674 12.674-31.326 12.674t-32.326-12.674q-13.674-13.435-13.674-32.207 0-18.771 13.434-32.445l143-143q6.718-6.718 14.914-9.816 8.195-3.097 17.152-3.097 8.956 0 17.152 3.097 8.196 3.098 14.913 9.816l143.761 144q13.435 13.674 13.054 31.945-.38 18.272-14.054 31.707-13.435 12.674-31.826 13.054-18.392.381-31.826-13.054l-65.674-65.674v229.065q0 19.152-13.174 32.326t-32.326 13.174Zm240.956 348.5q-8.956 0-17.152-3.097-8.196-3.098-14.913-9.816l-143.761-144q-13.435-13.674-13.054-31.945.38-18.272 14.054-31.707 13.435-12.674 31.826-13.054 18.392-.381 31.826 13.054l65.674 65.674v-229.065q0-19.152 13.174-32.326t32.326-13.174q19.152 0 32.326 13.174t13.174 32.326v229.065l65.674-65.674q12.674-12.674 31.326-12.674t32.326 12.674q13.674 13.435 13.674 32.207 0 18.771-13.434 32.445l-143 143q-6.718 6.718-14.914 9.816-8.195 3.097-17.152 3.097Z\\"></path>
              </svg>
              <!--v-if-->
              <!--v-if-->
            </button></div>
        </th>
        <th class=\\"bcc-table-header bcc-table-header-sortable\\">
          <div class=\\"bcc-table-header-content\\">Name <button aria-label=\\"Sort column\\" class=\\"bcc-table-header-sort\\"><svg aria-hidden=\\"true\\" viewBox=\\"0 -960 960 960\\" fill=\\"currentColor\\" class=\\"bcc-table-header-sort-icon bcc-table-header-sort-icon-undetermined\\">
                <path d=\\"M359.522-439.522q-19.152 0-32.326-13.174t-13.174-32.326v-229.065l-65.674 65.674q-12.674 12.674-31.326 12.674t-32.326-12.674q-13.674-13.435-13.674-32.207 0-18.771 13.434-32.445l143-143q6.718-6.718 14.914-9.816 8.195-3.097 17.152-3.097 8.956 0 17.152 3.097 8.196 3.098 14.913 9.816l143.761 144q13.435 13.674 13.054 31.945-.38 18.272-14.054 31.707-13.435 12.674-31.826 13.054-18.392.381-31.826-13.054l-65.674-65.674v229.065q0 19.152-13.174 32.326t-32.326 13.174Zm240.956 348.5q-8.956 0-17.152-3.097-8.196-3.098-14.913-9.816l-143.761-144q-13.435-13.674-13.054-31.945.38-18.272 14.054-31.707 13.435-12.674 31.826-13.054 18.392-.381 31.826 13.054l65.674 65.674v-229.065q0-19.152 13.174-32.326t32.326-13.174q19.152 0 32.326 13.174t13.174 32.326v229.065l65.674-65.674q12.674-12.674 31.326-12.674t32.326 12.674q13.674 13.435 13.674 32.207 0 18.771-13.434 32.445l-143 143q-6.718 6.718-14.914 9.816-8.195 3.097-17.152 3.097Z\\"></path>
              </svg>
              <!--v-if-->
              <!--v-if-->
            </button></div>
        </th>
        <th class=\\"bcc-table-header bcc-table-header-sortable\\">
          <div class=\\"bcc-table-header-content\\">Progress <button aria-label=\\"Sort column\\" class=\\"bcc-table-header-sort\\"><svg aria-hidden=\\"true\\" viewBox=\\"0 -960 960 960\\" fill=\\"currentColor\\" class=\\"bcc-table-header-sort-icon bcc-table-header-sort-icon-undetermined\\">
                <path d=\\"M359.522-439.522q-19.152 0-32.326-13.174t-13.174-32.326v-229.065l-65.674 65.674q-12.674 12.674-31.326 12.674t-32.326-12.674q-13.674-13.435-13.674-32.207 0-18.771 13.434-32.445l143-143q6.718-6.718 14.914-9.816 8.195-3.097 17.152-3.097 8.956 0 17.152 3.097 8.196 3.098 14.913 9.816l143.761 144q13.435 13.674 13.054 31.945-.38 18.272-14.054 31.707-13.435 12.674-31.826 13.054-18.392.381-31.826-13.054l-65.674-65.674v229.065q0 19.152-13.174 32.326t-32.326 13.174Zm240.956 348.5q-8.956 0-17.152-3.097-8.196-3.098-14.913-9.816l-143.761-144q-13.435-13.674-13.054-31.945.38-18.272 14.054-31.707 13.435-12.674 31.826-13.054 18.392-.381 31.826 13.054l65.674 65.674v-229.065q0-19.152 13.174-32.326t32.326-13.174q19.152 0 32.326 13.174t13.174 32.326v229.065l65.674-65.674q12.674-12.674 31.326-12.674t32.326 12.674q13.674 13.435 13.674 32.207 0 18.771-13.434 32.445l-143 143q-6.718 6.718-14.914 9.816-8.195 3.097-17.152 3.097Z\\"></path>
              </svg>
              <!--v-if-->
              <!--v-if-->
            </button></div>
        </th>
      </tr>
    </thead>
    <tbody>
      <tr>
        <td class=\\"bcc-table-cell\\"><span>22/23</span></td>
        <td class=\\"bcc-table-cell\\"><span>Ada Lovelace</span></td>
        <td class=\\"bcc-table-cell\\"><span>25</span></td>
        <td></td>
      </tr>
      <tr>
        <td class=\\"bcc-table-cell\\"><span>23/24</span></td>
        <td class=\\"bcc-table-cell\\"><span>Firmus Piett</span></td>
        <td class=\\"bcc-table-cell\\"><span>42</span></td>
        <td></td>
      </tr>
    </tbody>
  </table>
</div>"
`;
